// Jest Snapshot v1, https://goo.gl/fbAQLP

exports[`render Button component 1`] = `
<DocumentFragment>
  <button
    class="sc-AxjAm eqawEJ"
    type="submit"
  >
    Hello!
  </button>
</DocumentFragment>
`;
