// Jest Snapshot v1, https://goo.gl/fbAQLP

exports[`render IconInfo component 1`] = `
<DocumentFragment>
  <div
    class="sc-fzplWN cbZktL"
  >
    <div
      class="sc-fzpans ePyOMY"
    />
    <span
      class="sc-fzoLsD cyasPW"
    >
      Hello!
    </span>
  </div>
</DocumentFragment>
`;
